2026-03-23 12:04:02,875 | INFO | === Démarrage ETL ===
2026-03-23 12:04:02,875 | INFO | 
── EXTRACT ──────────────────────────────────────
2026-03-23 12:04:02,875 | ERROR | Erreur pendant l'exécution ETL
Traceback (most recent call last):
  File "D:\code mspr\MSPR_BLOC3_MASTER1\etl\etl_pipeline.py", line 719, in run
    raw = self.extract()
  File "D:\code mspr\MSPR_BLOC3_MASTER1\etl\etl_pipeline.py", line 172, in extract
    "t1": self._read(self.files["t1"], encoding="utf-8"),
          ~~~~~~~~~~^^^^^^^^^^^^^^^^^^^^^^^^^^^^^^^^^^^^
  File "D:\code mspr\MSPR_BLOC3_MASTER1\etl\etl_pipeline.py", line 88, in _read
    raise FileNotFoundError(f"Fichier introuvable : {path}")
FileNotFoundError: Fichier introuvable : D:\MSPR_CODE\MSPR_BLOC3_MASTER1\DATA\Premier_tour_rhone_sep.csv
2026-03-23 12:06:33,588 | INFO | === Démarrage ETL ===
2026-03-23 12:06:33,588 | INFO | 
── EXTRACT ──────────────────────────────────────
2026-03-23 12:06:34,197 | INFO |   t1           →   1317 lignes brutes
2026-03-23 12:06:34,197 | INFO |   t2           →   1317 lignes brutes
2026-03-23 12:06:34,197 | INFO |   securite     →  18180 lignes brutes
2026-03-23 12:06:34,197 | INFO |   emploi       →  34903 lignes brutes
2026-03-23 12:06:34,197 | INFO |   revenus      →    777 lignes brutes
2026-03-23 12:06:34,197 | INFO |   diplomes     →  49276 lignes brutes
2026-03-23 12:06:34,198 | INFO |   logement     →  49276 lignes brutes
2026-03-23 12:06:34,198 | INFO |   iris         →    512 lignes brutes
2026-03-23 12:06:34,198 | INFO | 
── TRANSFORM ────────────────────────────────────
2026-03-23 12:06:34,228 | INFO |   tour1        →   1317 lignes propres
2026-03-23 12:06:34,252 | INFO |   tour2        →   1317 lignes propres
2026-03-23 12:06:34,271 | INFO |   securite    →    180 lignes propres (Rhône)
2026-03-23 12:06:34,285 | INFO |   emploi      →    275 lignes propres (Rhône)
2026-03-23 12:06:34,290 | INFO |   revenus     →     23 lignes propres (Rhône)
2026-03-23 12:06:34,335 | INFO |   diplomes    →    752 lignes propres (Rhône)
2026-03-23 12:06:34,392 | INFO |   logement    →    752 lignes propres (Rhône)
2026-03-23 12:06:34,396 | INFO |   iris        →    512 lignes propres (métropole Lyon)
2026-03-23 12:06:34,404 | INFO |   dim_commune →    280 lignes
2026-03-23 12:06:34,412 | INFO |   dim_departement →      1 lignes
2026-03-23 12:06:34,412 | INFO |   dim_temps   →      3 lignes
2026-03-23 12:06:34,412 | INFO | 
── LOAD ─────────────────────────────────────────
2026-03-23 12:06:34,434 | INFO |   CSV    → fact_election_tour1.csv  (1317 lignes)
2026-03-23 12:06:34,539 | INFO |   DuckDB → fact_election_tour1
2026-03-23 12:06:34,549 | INFO |   CSV    → fact_election_tour2.csv  (1317 lignes)
2026-03-23 12:06:34,599 | INFO |   DuckDB → fact_election_tour2
2026-03-23 12:06:34,601 | INFO |   CSV    → fact_securite.csv  (180 lignes)
2026-03-23 12:06:34,634 | INFO |   DuckDB → fact_securite
2026-03-23 12:06:34,638 | INFO |   CSV    → fact_emploi_pop_active.csv  (275 lignes)
2026-03-23 12:06:34,669 | INFO |   DuckDB → fact_emploi_pop_active
2026-03-23 12:06:34,671 | INFO |   CSV    → fact_revenus.csv  (23 lignes)
2026-03-23 12:06:34,699 | INFO |   DuckDB → fact_revenus
2026-03-23 12:06:34,708 | INFO |   CSV    → fact_diplomes.csv  (752 lignes)
2026-03-23 12:06:34,746 | INFO |   DuckDB → fact_diplomes
2026-03-23 12:06:34,758 | INFO |   CSV    → fact_logement.csv  (752 lignes)
2026-03-23 12:06:34,800 | INFO |   DuckDB → fact_logement
2026-03-23 12:06:34,802 | INFO |   CSV    → dim_iris_lyon.csv  (512 lignes)
2026-03-23 12:06:34,840 | INFO |   DuckDB → dim_iris_lyon
2026-03-23 12:06:34,842 | INFO |   CSV    → dim_commune.csv  (280 lignes)
2026-03-23 12:06:34,883 | INFO |   DuckDB → dim_commune
2026-03-23 12:06:34,884 | INFO |   CSV    → dim_departement.csv  (1 lignes)
2026-03-23 12:06:34,916 | INFO |   DuckDB → dim_departement
2026-03-23 12:06:34,917 | INFO |   CSV    → dim_temps.csv  (3 lignes)
2026-03-23 12:06:34,950 | INFO |   DuckDB → dim_temps
2026-03-23 12:06:34,952 | INFO | 
  Rapport qualité → quality_report.csv
2026-03-23 12:06:34,952 | INFO | 
── VUES ANALYTIQUES ─────────────────────────────
2026-03-23 12:06:34,982 | INFO |   Vues créées : vw_elections_communes, vw_indicateurs_territoires
2026-03-23 12:06:34,982 | INFO | 
✔ ETL terminé avec succès !
2026-03-23 12:06:34,982 | INFO |    CSV     → D:/code mspr/MSPR_BLOC3_MASTER1/data_clean
2026-03-23 12:06:34,982 | INFO |    DuckDB  → D:/code mspr/MSPR_BLOC3_MASTER1/warehouse.duckdb
2026-03-23 12:06:34,982 | INFO |    Log     → etl.log
2026-03-25 12:14:40,034 | INFO | === Demarrage ETL ===
2026-03-25 12:14:40,035 | INFO | 
-- EXTRACT ------------------------------------------
2026-03-25 12:14:42,836 | INFO |   t1           ->   1317 lignes brutes
2026-03-25 12:14:42,837 | INFO |   t2           ->   1317 lignes brutes
2026-03-25 12:14:42,837 | INFO |   securite     ->  18180 lignes brutes
2026-03-25 12:14:42,837 | INFO |   emploi       ->  34903 lignes brutes
2026-03-25 12:14:42,837 | INFO |   revenus      ->    777 lignes brutes
2026-03-25 12:14:42,838 | INFO |   diplomes     ->  49276 lignes brutes
2026-03-25 12:14:42,838 | INFO |   logement     ->  49276 lignes brutes
2026-03-25 12:14:42,838 | INFO |   iris         ->    512 lignes brutes
2026-03-25 12:14:42,838 | INFO | 
-- TRANSFORM ----------------------------------------
2026-03-25 12:14:42,882 | INFO |   tour1        ->   1317 lignes propres
2026-03-25 12:14:42,917 | INFO |   tour2        ->   1317 lignes propres
2026-03-25 12:14:42,949 | INFO |   securite    ->    180 lignes propres (Rhone)
2026-03-25 12:14:42,974 | INFO |   emploi      ->    275 lignes propres (Rhone)
2026-03-25 12:14:42,982 | INFO |   revenus     ->     23 lignes propres (Rhone)
2026-03-25 12:14:43,054 | INFO |   diplomes    ->    752 lignes propres (Rhone)
2026-03-25 12:14:43,140 | INFO |   logement    ->    752 lignes propres (Rhone)
2026-03-25 12:14:43,145 | INFO |   iris        ->    512 lignes propres (metropole Lyon)
2026-03-25 12:14:43,157 | INFO |   dim_commune ->    280 lignes
2026-03-25 12:14:43,164 | INFO |   dim_departement ->      1 lignes
2026-03-25 12:14:43,165 | INFO |   dim_temps   ->      3 lignes
2026-03-25 12:14:43,165 | INFO | 
-- LOAD ---------------------------------------------
2026-03-25 12:14:43,184 | INFO |   CSV    -> fact_election_tour1.csv  (1317 lignes)
2026-03-25 12:14:43,342 | INFO |   DuckDB -> fact_election_tour1
2026-03-25 12:14:43,354 | INFO |   CSV    -> fact_election_tour2.csv  (1317 lignes)
2026-03-25 12:14:43,437 | INFO |   DuckDB -> fact_election_tour2
2026-03-25 12:14:43,440 | INFO |   CSV    -> fact_securite.csv  (180 lignes)
2026-03-25 12:14:43,489 | INFO |   DuckDB -> fact_securite
2026-03-25 12:14:43,496 | INFO |   CSV    -> fact_emploi_pop_active.csv  (275 lignes)
2026-03-25 12:14:43,564 | INFO |   DuckDB -> fact_emploi_pop_active
2026-03-25 12:14:43,566 | INFO |   CSV    -> fact_revenus.csv  (23 lignes)
2026-03-25 12:14:43,613 | INFO |   DuckDB -> fact_revenus
2026-03-25 12:14:43,624 | INFO |   CSV    -> fact_diplomes.csv  (752 lignes)
2026-03-25 12:14:43,679 | INFO |   DuckDB -> fact_diplomes
2026-03-25 12:14:43,698 | INFO |   CSV    -> fact_logement.csv  (752 lignes)
2026-03-25 12:14:43,755 | INFO |   DuckDB -> fact_logement
2026-03-25 12:14:43,758 | INFO |   CSV    -> dim_iris_lyon.csv  (512 lignes)
2026-03-25 12:14:43,815 | INFO |   DuckDB -> dim_iris_lyon
2026-03-25 12:14:43,817 | INFO |   CSV    -> dim_commune.csv  (280 lignes)
2026-03-25 12:14:43,864 | INFO |   DuckDB -> dim_commune
2026-03-25 12:14:43,866 | INFO |   CSV    -> dim_departement.csv  (1 lignes)
2026-03-25 12:14:43,913 | INFO |   DuckDB -> dim_departement
2026-03-25 12:14:43,915 | INFO |   CSV    -> dim_temps.csv  (3 lignes)
2026-03-25 12:14:43,962 | INFO |   DuckDB -> dim_temps
2026-03-25 12:14:43,965 | INFO | 
  Rapport qualite -> quality_report.csv
2026-03-25 12:14:43,965 | INFO | 
-- VUES ANALYTIQUES ---------------------------------
2026-03-25 12:14:44,007 | INFO |   Vues creees : vw_elections_communes, vw_indicateurs_territoires
2026-03-25 12:14:44,007 | INFO | 
 OK ETL termine avec succes !
2026-03-25 12:14:44,008 | INFO |    CSV     -> D:/code mspr/MSPR_BLOC3_MASTER1/data_clean
2026-03-25 12:14:44,008 | INFO |    DuckDB  -> D:/code mspr/MSPR_BLOC3_MASTER1/warehouse.duckdb
2026-03-25 12:14:44,008 | INFO |    Log     -> etl.log
2026-03-25 12:18:54,131 | INFO | === Demarrage ETL ===
2026-03-25 12:18:54,132 | INFO | 
-- EXTRACT ------------------------------------------
2026-03-25 12:18:56,896 | INFO |   t1           ->   1317 lignes brutes
2026-03-25 12:18:56,896 | INFO |   t2           ->   1317 lignes brutes
2026-03-25 12:18:56,896 | INFO |   securite     ->  18180 lignes brutes
2026-03-25 12:18:56,896 | INFO |   emploi       ->  34903 lignes brutes
2026-03-25 12:18:56,897 | INFO |   revenus      ->    777 lignes brutes
2026-03-25 12:18:56,897 | INFO |   diplomes     ->  49276 lignes brutes
2026-03-25 12:18:56,897 | INFO |   logement     ->  49276 lignes brutes
2026-03-25 12:18:56,897 | INFO |   iris         ->    512 lignes brutes
2026-03-25 12:18:56,897 | INFO | 
-- TRANSFORM ----------------------------------------
2026-03-25 12:18:56,935 | INFO |   tour1        ->   1317 lignes propres
2026-03-25 12:18:56,969 | INFO |   tour2        ->   1317 lignes propres
2026-03-25 12:18:57,001 | INFO |   securite    ->    180 lignes propres (Rhone)
2026-03-25 12:18:57,026 | INFO |   emploi      ->    275 lignes propres (Rhone)
2026-03-25 12:18:57,035 | INFO |   revenus     ->     23 lignes propres (Rhone)
2026-03-25 12:18:57,113 | INFO |   diplomes    ->    752 lignes propres (Rhone)
2026-03-25 12:18:57,203 | INFO |   logement    ->    752 lignes propres (Rhone)
2026-03-25 12:18:57,208 | INFO |   iris        ->    512 lignes propres (metropole Lyon)
2026-03-25 12:18:57,217 | INFO |   dim_commune ->    280 lignes
2026-03-25 12:18:57,226 | INFO |   dim_departement ->      1 lignes
2026-03-25 12:18:57,226 | INFO |   dim_temps   ->      3 lignes
2026-03-25 12:18:57,227 | INFO | 
-- LOAD ---------------------------------------------
2026-03-25 12:18:57,247 | ERROR | Erreur pendant l'execution ETL
Traceback (most recent call last):
  File "D:\code mspr\MSPR_BLOC3_MASTER1\etl\etl_pipeline.py", line 871, in run
    self.load(warehouse_tables)
    ~~~~~~~~~^^^^^^^^^^^^^^^^^^
  File "D:\code mspr\MSPR_BLOC3_MASTER1\etl\etl_pipeline.py", line 750, in load
    self._save_csv(df, csv_name)
    ~~~~~~~~~~~~~~^^^^^^^^^^^^^^
  File "D:\code mspr\MSPR_BLOC3_MASTER1\etl\etl_pipeline.py", line 737, in _save_csv
    df.to_csv(path, sep=";", index=False, encoding="utf-8-sig", lineterminator="\n")
    ~~~~~~~~~^^^^^^^^^^^^^^^^^^^^^^^^^^^^^^^^^^^^^^^^^^^^^^^^^^^^^^^^^^^^^^^^^^^^^^^
  File "D:\code mspr\MSPR_BLOC3_MASTER1\venv\Lib\site-packages\pandas\util\_decorators.py", line 333, in wrapper
    return func(*args, **kwargs)
  File "D:\code mspr\MSPR_BLOC3_MASTER1\venv\Lib\site-packages\pandas\core\generic.py", line 3967, in to_csv
    return DataFrameRenderer(formatter).to_csv(
           ~~~~~~~~~~~~~~~~~~~~~~~~~~~~~~~~~~~^
        path_or_buf,
        ^^^^^^^^^^^^
    ...<14 lines>...
        storage_options=storage_options,
        ^^^^^^^^^^^^^^^^^^^^^^^^^^^^^^^^
    )
    ^
  File "D:\code mspr\MSPR_BLOC3_MASTER1\venv\Lib\site-packages\pandas\io\formats\format.py", line 1014, in to_csv
    csv_formatter.save()
    ~~~~~~~~~~~~~~~~~~^^
  File "D:\code mspr\MSPR_BLOC3_MASTER1\venv\Lib\site-packages\pandas\io\formats\csvs.py", line 251, in save
    with get_handle(
         ~~~~~~~~~~^
        self.filepath_or_buffer,
        ^^^^^^^^^^^^^^^^^^^^^^^^
    ...<4 lines>...
        storage_options=self.storage_options,
        ^^^^^^^^^^^^^^^^^^^^^^^^^^^^^^^^^^^^^
    ) as handles:
    ^
  File "D:\code mspr\MSPR_BLOC3_MASTER1\venv\Lib\site-packages\pandas\io\common.py", line 873, in get_handle
    handle = open(
        handle,
    ...<3 lines>...
        newline="",
    )
PermissionError: [Errno 13] Permission denied: 'D:/code mspr/MSPR_BLOC3_MASTER1/data_clean\\fact_election_tour1.csv'
2026-03-25 12:19:59,329 | INFO | === Demarrage ETL ===
2026-03-25 12:19:59,330 | INFO | 
-- EXTRACT ------------------------------------------
2026-03-25 12:20:02,195 | INFO |   t1           ->   1317 lignes brutes
2026-03-25 12:20:02,195 | INFO |   t2           ->   1317 lignes brutes
2026-03-25 12:20:02,195 | INFO |   securite     ->  18180 lignes brutes
2026-03-25 12:20:02,195 | INFO |   emploi       ->  34903 lignes brutes
2026-03-25 12:20:02,196 | INFO |   revenus      ->    777 lignes brutes
2026-03-25 12:20:02,196 | INFO |   diplomes     ->  49276 lignes brutes
2026-03-25 12:20:02,196 | INFO |   logement     ->  49276 lignes brutes
2026-03-25 12:20:02,196 | INFO |   iris         ->    512 lignes brutes
2026-03-25 12:20:02,196 | INFO | 
-- TRANSFORM ----------------------------------------
2026-03-25 12:20:02,232 | INFO |   tour1        ->   1317 lignes propres
2026-03-25 12:20:02,265 | INFO |   tour2        ->   1317 lignes propres
2026-03-25 12:20:02,295 | INFO |   securite    ->    180 lignes propres (Rhone)
2026-03-25 12:20:02,319 | INFO |   emploi      ->    275 lignes propres (Rhone)
2026-03-25 12:20:02,328 | INFO |   revenus     ->     23 lignes propres (Rhone)
2026-03-25 12:20:02,405 | INFO |   diplomes    ->    752 lignes propres (Rhone)
2026-03-25 12:20:02,495 | INFO |   logement    ->    752 lignes propres (Rhone)
2026-03-25 12:20:02,501 | INFO |   iris        ->    512 lignes propres (metropole Lyon)
2026-03-25 12:20:02,510 | INFO |   dim_commune ->    280 lignes
2026-03-25 12:20:02,517 | INFO |   dim_departement ->      1 lignes
2026-03-25 12:20:02,517 | INFO |   dim_temps   ->      3 lignes
2026-03-25 12:20:02,517 | INFO | 
-- LOAD ---------------------------------------------
2026-03-25 12:20:02,545 | INFO |   CSV    -> fact_election_tour1.csv  (1317 lignes)
2026-03-25 12:20:02,634 | INFO |   DuckDB -> fact_election_tour1
2026-03-25 12:20:02,648 | INFO |   CSV    -> fact_election_tour2.csv  (1317 lignes)
2026-03-25 12:20:02,727 | INFO |   DuckDB -> fact_election_tour2
2026-03-25 12:20:02,729 | INFO |   CSV    -> fact_securite.csv  (180 lignes)
2026-03-25 12:20:02,774 | INFO |   DuckDB -> fact_securite
2026-03-25 12:20:02,778 | INFO |   CSV    -> fact_emploi_pop_active.csv  (275 lignes)
2026-03-25 12:20:02,825 | INFO |   DuckDB -> fact_emploi_pop_active
2026-03-25 12:20:02,827 | INFO |   CSV    -> fact_revenus.csv  (23 lignes)
2026-03-25 12:20:02,874 | INFO |   DuckDB -> fact_revenus
2026-03-25 12:20:02,884 | INFO |   CSV    -> fact_diplomes.csv  (752 lignes)
2026-03-25 12:20:02,939 | INFO |   DuckDB -> fact_diplomes
2026-03-25 12:20:02,956 | INFO |   CSV    -> fact_logement.csv  (752 lignes)
2026-03-25 12:20:03,009 | INFO |   DuckDB -> fact_logement
2026-03-25 12:20:03,012 | INFO |   CSV    -> dim_iris_lyon.csv  (512 lignes)
2026-03-25 12:20:03,064 | INFO |   DuckDB -> dim_iris_lyon
2026-03-25 12:20:03,065 | INFO |   CSV    -> dim_commune.csv  (280 lignes)
2026-03-25 12:20:03,109 | INFO |   DuckDB -> dim_commune
2026-03-25 12:20:03,110 | INFO |   CSV    -> dim_departement.csv  (1 lignes)
2026-03-25 12:20:03,159 | INFO |   DuckDB -> dim_departement
2026-03-25 12:20:03,161 | INFO |   CSV    -> dim_temps.csv  (3 lignes)
2026-03-25 12:20:03,204 | INFO |   DuckDB -> dim_temps
2026-03-25 12:20:03,206 | INFO | 
  Rapport qualite -> quality_report.csv
2026-03-25 12:20:03,206 | INFO | 
-- VUES ANALYTIQUES ---------------------------------
2026-03-25 12:20:03,246 | INFO |   Vues creees : vw_elections_communes, vw_indicateurs_territoires
2026-03-25 12:20:03,246 | INFO | 
 OK ETL termine avec succes !
2026-03-25 12:20:03,246 | INFO |    CSV     -> D:/code mspr/MSPR_BLOC3_MASTER1/data_clean
2026-03-25 12:20:03,246 | INFO |    DuckDB  -> D:/code mspr/MSPR_BLOC3_MASTER1/warehouse.duckdb
2026-03-25 12:20:03,247 | INFO |    Log     -> etl.log
2026-03-26 10:55:44,256 | INFO | === Démarrage ETL ===
2026-03-26 10:55:44,256 | INFO | 
── EXTRACT ──────────────────────────────────────
2026-03-26 10:55:44,805 | INFO |   t1           →   1317 lignes brutes
2026-03-26 10:55:44,805 | INFO |   t2           →   1317 lignes brutes
2026-03-26 10:55:44,805 | INFO |   securite     →  18180 lignes brutes
2026-03-26 10:55:44,805 | INFO |   emploi       →  34903 lignes brutes
2026-03-26 10:55:44,805 | INFO |   revenus      →    777 lignes brutes
2026-03-26 10:55:44,806 | INFO |   diplomes     →  49276 lignes brutes
2026-03-26 10:55:44,806 | INFO |   logement     →  49276 lignes brutes
2026-03-26 10:55:44,806 | INFO |   iris         →    512 lignes brutes
2026-03-26 10:55:44,806 | INFO | 
── TRANSFORM ────────────────────────────────────
2026-03-26 10:55:44,845 | INFO |   tour1        →   1317 lignes propres
2026-03-26 10:55:44,881 | INFO |   tour2        →   1317 lignes propres
2026-03-26 10:55:44,898 | INFO |   securite    →    180 lignes propres (Rhône)
2026-03-26 10:55:44,913 | INFO |   emploi      →    275 lignes propres (Rhône)
2026-03-26 10:55:44,918 | INFO |   revenus     →     23 lignes propres (Rhône)
2026-03-26 10:55:44,962 | INFO |   diplomes    →    752 lignes propres (Rhône)
2026-03-26 10:55:45,017 | INFO |   logement    →    752 lignes propres (Rhône)
2026-03-26 10:55:45,021 | INFO |   iris        →    512 lignes propres (métropole Lyon)
2026-03-26 10:55:45,031 | INFO |   dim_commune →    280 lignes
2026-03-26 10:55:45,036 | INFO |   dim_departement →      1 lignes
2026-03-26 10:55:45,037 | INFO |   dim_temps   →      3 lignes
2026-03-26 10:55:45,037 | INFO | 
── LOAD ─────────────────────────────────────────
2026-03-26 10:55:45,058 | INFO |   CSV    → fact_election_tour1.csv  (1317 lignes)
2026-03-26 10:55:45,178 | INFO |   DuckDB → fact_election_tour1
2026-03-26 10:55:45,189 | INFO |   CSV    → fact_election_tour2.csv  (1317 lignes)
2026-03-26 10:55:45,246 | INFO |   DuckDB → fact_election_tour2
2026-03-26 10:55:45,248 | INFO |   CSV    → fact_securite.csv  (180 lignes)
2026-03-26 10:55:45,286 | INFO |   DuckDB → fact_securite
2026-03-26 10:55:45,289 | INFO |   CSV    → fact_emploi_pop_active.csv  (275 lignes)
2026-03-26 10:55:45,324 | INFO |   DuckDB → fact_emploi_pop_active
2026-03-26 10:55:45,325 | INFO |   CSV    → fact_revenus.csv  (23 lignes)
2026-03-26 10:55:45,360 | INFO |   DuckDB → fact_revenus
2026-03-26 10:55:45,369 | INFO |   CSV    → fact_diplomes.csv  (752 lignes)
2026-03-26 10:55:45,410 | INFO |   DuckDB → fact_diplomes
2026-03-26 10:55:45,422 | INFO |   CSV    → fact_logement.csv  (752 lignes)
2026-03-26 10:55:45,464 | INFO |   DuckDB → fact_logement
2026-03-26 10:55:45,467 | INFO |   CSV    → dim_iris_lyon.csv  (512 lignes)
2026-03-26 10:55:45,507 | INFO |   DuckDB → dim_iris_lyon
2026-03-26 10:55:45,508 | INFO |   CSV    → dim_commune.csv  (280 lignes)
2026-03-26 10:55:45,542 | INFO |   DuckDB → dim_commune
2026-03-26 10:55:45,543 | INFO |   CSV    → dim_departement.csv  (1 lignes)
2026-03-26 10:55:45,576 | INFO |   DuckDB → dim_departement
2026-03-26 10:55:45,578 | INFO |   CSV    → dim_temps.csv  (3 lignes)
2026-03-26 10:55:45,611 | INFO |   DuckDB → dim_temps
2026-03-26 10:55:45,613 | INFO | 
  Rapport qualité → quality_report.csv
2026-03-26 10:55:45,613 | INFO | 
── VUES ANALYTIQUES ─────────────────────────────
2026-03-26 10:55:45,646 | INFO |   Vues créées : vw_elections_communes, vw_indicateurs_territoires
2026-03-26 10:55:45,646 | INFO | 
✔ ETL terminé avec succès !
2026-03-26 10:55:45,646 | INFO |    CSV     → D:/code mspr/MSPR_BLOC3_MASTER1/data_clean
2026-03-26 10:55:45,646 | INFO |    DuckDB  → D:/code mspr/MSPR_BLOC3_MASTER1/warehouse.duckdb
2026-03-26 10:55:45,646 | INFO |    Log     → etl.log
2026-03-26 11:01:40,560 | INFO | === Démarrage ETL ===
2026-03-26 11:01:40,560 | INFO | 
── EXTRACT ──────────────────────────────────────
2026-03-26 11:01:41,100 | INFO |   t1           →   1317 lignes brutes
2026-03-26 11:01:41,100 | INFO |   t2           →   1317 lignes brutes
2026-03-26 11:01:41,100 | INFO |   securite     →  18180 lignes brutes
2026-03-26 11:01:41,101 | INFO |   emploi       →  34903 lignes brutes
2026-03-26 11:01:41,101 | INFO |   revenus      →    777 lignes brutes
2026-03-26 11:01:41,101 | INFO |   diplomes     →  49276 lignes brutes
2026-03-26 11:01:41,101 | INFO |   logement     →  49276 lignes brutes
2026-03-26 11:01:41,101 | INFO |   iris         →    512 lignes brutes
2026-03-26 11:01:41,101 | INFO | 
── TRANSFORM ────────────────────────────────────
2026-03-26 11:01:41,156 | INFO |   tour1        →   1317 lignes propres
2026-03-26 11:01:41,206 | INFO |   tour2        →   1317 lignes propres
2026-03-26 11:01:41,222 | INFO |   securite    →    180 lignes propres (Rhône)
2026-03-26 11:01:41,236 | INFO |   emploi      →    275 lignes propres (Rhône)
2026-03-26 11:01:41,242 | INFO |   revenus     →     23 lignes propres (Rhône)
2026-03-26 11:01:41,285 | INFO |   diplomes    →    752 lignes propres (Rhône)
2026-03-26 11:01:41,339 | INFO |   logement    →    752 lignes propres (Rhône)
2026-03-26 11:01:41,343 | INFO |   iris        →    512 lignes propres (métropole Lyon)
2026-03-26 11:01:41,350 | INFO |   dim_commune →    280 lignes
2026-03-26 11:01:41,356 | INFO |   dim_departement →      1 lignes
2026-03-26 11:01:41,356 | INFO |   dim_temps   →      3 lignes
2026-03-26 11:01:41,357 | INFO | 
── LOAD ─────────────────────────────────────────
2026-03-26 11:01:41,368 | INFO |   CSV    → fact_election_tour1.csv  (1317 lignes)
2026-03-26 11:01:41,432 | INFO |   DuckDB → fact_election_tour1
2026-03-26 11:01:41,443 | INFO |   CSV    → fact_election_tour2.csv  (1317 lignes)
2026-03-26 11:01:41,503 | INFO |   DuckDB → fact_election_tour2
2026-03-26 11:01:41,505 | INFO |   CSV    → fact_securite.csv  (180 lignes)
2026-03-26 11:01:41,543 | INFO |   DuckDB → fact_securite
2026-03-26 11:01:41,546 | INFO |   CSV    → fact_emploi_pop_active.csv  (275 lignes)
2026-03-26 11:01:41,580 | INFO |   DuckDB → fact_emploi_pop_active
2026-03-26 11:01:41,581 | INFO |   CSV    → fact_revenus.csv  (23 lignes)
2026-03-26 11:01:41,615 | INFO |   DuckDB → fact_revenus
2026-03-26 11:01:41,625 | INFO |   CSV    → fact_diplomes.csv  (752 lignes)
2026-03-26 11:01:41,665 | INFO |   DuckDB → fact_diplomes
2026-03-26 11:01:41,677 | INFO |   CSV    → fact_logement.csv  (752 lignes)
2026-03-26 11:01:41,720 | INFO |   DuckDB → fact_logement
2026-03-26 11:01:41,723 | INFO |   CSV    → dim_iris_lyon.csv  (512 lignes)
2026-03-26 11:01:41,762 | INFO |   DuckDB → dim_iris_lyon
2026-03-26 11:01:41,763 | INFO |   CSV    → dim_commune.csv  (280 lignes)
2026-03-26 11:01:41,796 | INFO |   DuckDB → dim_commune
2026-03-26 11:01:41,797 | INFO |   CSV    → dim_departement.csv  (1 lignes)
2026-03-26 11:01:41,829 | INFO |   DuckDB → dim_departement
2026-03-26 11:01:41,831 | INFO |   CSV    → dim_temps.csv  (3 lignes)
2026-03-26 11:01:41,864 | INFO |   DuckDB → dim_temps
2026-03-26 11:01:41,866 | INFO | 
  Rapport qualité → quality_report.csv
2026-03-26 11:01:41,866 | INFO | 
── VUES ANALYTIQUES ─────────────────────────────
2026-03-26 11:01:41,895 | INFO |   Vues créées : vw_elections_communes, vw_indicateurs_territoires
2026-03-26 11:01:41,895 | INFO | 
✔ ETL terminé avec succès !
2026-03-26 11:01:41,895 | INFO |    CSV     → D:/code mspr/MSPR_BLOC3_MASTER1/data_clean
2026-03-26 11:01:41,895 | INFO |    DuckDB  → D:/code mspr/MSPR_BLOC3_MASTER1/warehouse.duckdb
2026-03-26 11:01:41,896 | INFO |    Log     → etl.log
2026-03-26 15:55:45,503 | INFO | === Démarrage ETL ===
2026-03-26 15:55:45,504 | INFO | 
── EXTRACT ──────────────────────────────────────
2026-03-26 15:55:46,169 | INFO |   t1           →   1317 lignes brutes
2026-03-26 15:55:46,169 | INFO |   t2           →   1317 lignes brutes
2026-03-26 15:55:46,169 | INFO |   securite     →  18180 lignes brutes
2026-03-26 15:55:46,169 | INFO |   emploi       →  34903 lignes brutes
2026-03-26 15:55:46,170 | INFO |   revenus      →    777 lignes brutes
2026-03-26 15:55:46,170 | INFO |   diplomes     →  49276 lignes brutes
2026-03-26 15:55:46,170 | INFO |   logement     →  49276 lignes brutes
2026-03-26 15:55:46,170 | INFO |   iris         →    512 lignes brutes
2026-03-26 15:55:46,170 | INFO | 
── TRANSFORM ────────────────────────────────────
2026-03-26 15:55:46,226 | INFO |   tour1        →   1317 lignes propres
2026-03-26 15:55:46,281 | INFO |   tour2        →   1317 lignes propres
2026-03-26 15:55:46,301 | INFO |   securite    →    180 lignes propres (Rhône)
2026-03-26 15:55:46,316 | INFO |   emploi      →    275 lignes propres (Rhône)
2026-03-26 15:55:46,321 | INFO |   revenus     →     23 lignes propres (Rhône)
2026-03-26 15:55:46,369 | INFO |   diplomes    →    752 lignes propres (Rhône)
2026-03-26 15:55:46,425 | INFO |   logement    →    752 lignes propres (Rhône)
2026-03-26 15:55:46,429 | INFO |   iris        →    512 lignes propres (métropole Lyon)
2026-03-26 15:55:46,437 | INFO |   dim_commune →    280 lignes
2026-03-26 15:55:46,443 | INFO |   dim_departement →      1 lignes
2026-03-26 15:55:46,443 | INFO |   dim_temps   →      3 lignes
2026-03-26 15:55:46,443 | INFO | 
── LOAD ─────────────────────────────────────────
2026-03-26 15:55:46,465 | INFO |   CSV    → fact_election_tour1.csv  (1317 lignes)
2026-03-26 15:55:46,598 | INFO |   DuckDB → fact_election_tour1
2026-03-26 15:55:46,610 | INFO |   CSV    → fact_election_tour2.csv  (1317 lignes)
2026-03-26 15:55:46,675 | INFO |   DuckDB → fact_election_tour2
2026-03-26 15:55:46,676 | INFO |   CSV    → fact_securite.csv  (180 lignes)
2026-03-26 15:55:46,718 | INFO |   DuckDB → fact_securite
2026-03-26 15:55:46,721 | INFO |   CSV    → fact_emploi_pop_active.csv  (275 lignes)
2026-03-26 15:55:46,757 | INFO |   DuckDB → fact_emploi_pop_active
2026-03-26 15:55:46,759 | INFO |   CSV    → fact_revenus.csv  (23 lignes)
2026-03-26 15:55:46,797 | INFO |   DuckDB → fact_revenus
2026-03-26 15:55:46,808 | INFO |   CSV    → fact_diplomes.csv  (752 lignes)
2026-03-26 15:55:46,852 | INFO |   DuckDB → fact_diplomes
2026-03-26 15:55:46,866 | INFO |   CSV    → fact_logement.csv  (752 lignes)
2026-03-26 15:55:46,914 | INFO |   DuckDB → fact_logement
2026-03-26 15:55:46,917 | INFO |   CSV    → dim_iris_lyon.csv  (512 lignes)
2026-03-26 15:55:46,961 | INFO |   DuckDB → dim_iris_lyon
2026-03-26 15:55:46,964 | INFO |   CSV    → dim_commune.csv  (280 lignes)
2026-03-26 15:55:47,002 | INFO |   DuckDB → dim_commune
2026-03-26 15:55:47,003 | INFO |   CSV    → dim_departement.csv  (1 lignes)
2026-03-26 15:55:47,047 | INFO |   DuckDB → dim_departement
2026-03-26 15:55:47,049 | INFO |   CSV    → dim_temps.csv  (3 lignes)
2026-03-26 15:55:47,088 | INFO |   DuckDB → dim_temps
2026-03-26 15:55:47,090 | INFO | 
  Rapport qualité → quality_report.csv
2026-03-26 15:55:47,090 | INFO | 
── VUES ANALYTIQUES ─────────────────────────────
2026-03-26 15:55:47,125 | INFO |   Vues créées : vw_elections_communes, vw_indicateurs_territoires
2026-03-26 15:55:47,125 | INFO | 
✔ ETL terminé avec succès !
2026-03-26 15:55:47,125 | INFO |    CSV     → D:/code mspr/MSPR_BLOC3_MASTER1/data_clean
2026-03-26 15:55:47,125 | INFO |    DuckDB  → D:/code mspr/MSPR_BLOC3_MASTER1/warehouse.duckdb
2026-03-26 15:55:47,125 | INFO |    Log     → etl.log
2026-03-31 16:19:24,090 | INFO | === Démarrage ETL ===
2026-03-31 16:19:24,090 | INFO | 
── EXTRACT ──────────────────────────────────────
2026-03-31 16:19:24,090 | ERROR | Erreur pendant l'exécution ETL
Traceback (most recent call last):
  File "D:\MSPR_CODE\MSPR_BLOC3_MASTER1\etl\etl_pipeline.py", line 785, in run
    raw = self.extract()
          ^^^^^^^^^^^^^^
  File "D:\MSPR_CODE\MSPR_BLOC3_MASTER1\etl\etl_pipeline.py", line 219, in extract
    "t1": self._read(self.files["t1"], encoding="utf-8"),
          ^^^^^^^^^^^^^^^^^^^^^^^^^^^^^^^^^^^^^^^^^^^^^^
  File "D:\MSPR_CODE\MSPR_BLOC3_MASTER1\etl\etl_pipeline.py", line 90, in _read
    raise FileNotFoundError(f"Fichier introuvable : {path}")
FileNotFoundError: Fichier introuvable : D:/code mspr/MSPR_BLOC3_MASTER1/DATA\Premier_tour_rhone_sep.csv
2026-03-31 16:23:39,318 | INFO | === Démarrage ETL ===
2026-03-31 16:23:39,318 | INFO | 
── EXTRACT ──────────────────────────────────────
2026-03-31 16:23:39,318 | ERROR | Erreur pendant l'exécution ETL
Traceback (most recent call last):
  File "D:\MSPR_CODE\MSPR_BLOC3_MASTER1\etl\etl_pipeline.py", line 785, in run
    raw = self.extract()
          ^^^^^^^^^^^^^^
  File "D:\MSPR_CODE\MSPR_BLOC3_MASTER1\etl\etl_pipeline.py", line 219, in extract
    "t1": self._read(self.files["t1"], encoding="utf-8"),
          ^^^^^^^^^^^^^^^^^^^^^^^^^^^^^^^^^^^^^^^^^^^^^^
  File "D:\MSPR_CODE\MSPR_BLOC3_MASTER1\etl\etl_pipeline.py", line 90, in _read
    raise FileNotFoundError(f"Fichier introuvable : {path}")
FileNotFoundError: Fichier introuvable : D:/code mspr/MSPR_BLOC3_MASTER1/DATA\Premier_tour_rhone_sep.csv
2026-03-31 16:45:33,141 | INFO | === Démarrage ETL ===
2026-03-31 16:45:33,141 | INFO | 
── EXTRACT ──────────────────────────────────────
2026-03-31 16:45:33,141 | ERROR | Erreur pendant l'exécution ETL
Traceback (most recent call last):
  File "D:\MSPR_CODE\MSPR_BLOC3_MASTER1\etl\etl_pipeline.py", line 785, in run
    raw = self.extract()
          ^^^^^^^^^^^^^^
  File "D:\MSPR_CODE\MSPR_BLOC3_MASTER1\etl\etl_pipeline.py", line 219, in extract
    "t1": self._read(self.files["t1"], encoding="utf-8"),
          ^^^^^^^^^^^^^^^^^^^^^^^^^^^^^^^^^^^^^^^^^^^^^^
  File "D:\MSPR_CODE\MSPR_BLOC3_MASTER1\etl\etl_pipeline.py", line 90, in _read
    raise FileNotFoundError(f"Fichier introuvable : {path}")
FileNotFoundError: Fichier introuvable : D:/code mspr/MSPR_BLOC3_MASTER1/DATA\Premier_tour_rhone_sep.csv
2026-03-31 16:47:04,880 | INFO | === Démarrage ETL ===
2026-03-31 16:47:04,880 | INFO | 
── EXTRACT ──────────────────────────────────────
2026-03-31 16:47:04,881 | ERROR | Erreur pendant l'exécution ETL
Traceback (most recent call last):
  File "D:\MSPR_CODE\MSPR_BLOC3_MASTER1\etl\etl_pipeline.py", line 785, in run
    raw = self.extract()
          ^^^^^^^^^^^^^^
  File "D:\MSPR_CODE\MSPR_BLOC3_MASTER1\etl\etl_pipeline.py", line 219, in extract
    "t1": self._read(self.files["t1"], encoding="utf-8"),
          ^^^^^^^^^^^^^^^^^^^^^^^^^^^^^^^^^^^^^^^^^^^^^^
  File "D:\MSPR_CODE\MSPR_BLOC3_MASTER1\etl\etl_pipeline.py", line 90, in _read
    raise FileNotFoundError(f"Fichier introuvable : {path}")
FileNotFoundError: Fichier introuvable : D:/code mspr/MSPR_BLOC3_MASTER1/DATA/Premier_tour_rhone_sep.csv
2026-03-31 16:48:10,624 | INFO | === Démarrage ETL ===
2026-03-31 16:48:10,624 | INFO | 
── EXTRACT ──────────────────────────────────────
2026-03-31 16:48:10,624 | ERROR | Erreur pendant l'exécution ETL
Traceback (most recent call last):
  File "D:\MSPR_CODE\MSPR_BLOC3_MASTER1\etl\etl_pipeline.py", line 785, in run
    raw = self.extract()
          ^^^^^^^^^^^^^^
  File "D:\MSPR_CODE\MSPR_BLOC3_MASTER1\etl\etl_pipeline.py", line 219, in extract
    "t1": self._read(self.files["t1"], encoding="utf-8"),
          ^^^^^^^^^^^^^^^^^^^^^^^^^^^^^^^^^^^^^^^^^^^^^^
  File "D:\MSPR_CODE\MSPR_BLOC3_MASTER1\etl\etl_pipeline.py", line 90, in _read
    raise FileNotFoundError(f"Fichier introuvable : {path}")
FileNotFoundError: Fichier introuvable : D:\code mspr\MSPR_BLOC3_MASTER1\DATA\Premier_tour_rhone_sep.csv
2026-03-31 16:49:12,604 | INFO | === Démarrage ETL ===
2026-03-31 16:49:12,604 | INFO | 
── EXTRACT ──────────────────────────────────────
2026-03-31 16:49:13,233 | INFO |   t1           →   1317 lignes brutes
2026-03-31 16:49:13,233 | INFO |   t2           →   1317 lignes brutes
2026-03-31 16:49:13,233 | INFO |   securite     →  18180 lignes brutes
2026-03-31 16:49:13,233 | INFO |   emploi       →  34903 lignes brutes
2026-03-31 16:49:13,233 | INFO |   revenus      →    777 lignes brutes
2026-03-31 16:49:13,233 | INFO |   diplomes     →  49276 lignes brutes
2026-03-31 16:49:13,233 | INFO |   logement     →  49276 lignes brutes
2026-03-31 16:49:13,233 | INFO |   iris         →    512 lignes brutes
2026-03-31 16:49:13,233 | INFO | 
── TRANSFORM ────────────────────────────────────
2026-03-31 16:49:13,290 | INFO |   tour1        →   1317 lignes propres
2026-03-31 16:49:13,326 | INFO |   tour2        →   1317 lignes propres
2026-03-31 16:49:13,341 | INFO |   securite    →    180 lignes propres (Rhône)
2026-03-31 16:49:13,346 | INFO |   emploi      →    275 lignes propres (Rhône)
2026-03-31 16:49:13,358 | INFO |   revenus     →     23 lignes propres (Rhône)
2026-03-31 16:49:13,391 | INFO |   diplomes    →    752 lignes propres (Rhône)
2026-03-31 16:49:13,429 | INFO |   logement    →    752 lignes propres (Rhône)
2026-03-31 16:49:13,429 | INFO |   iris        →    512 lignes propres (métropole Lyon)
2026-03-31 16:49:13,444 | INFO |   dim_commune →    280 lignes
2026-03-31 16:49:13,449 | INFO |   dim_departement →      1 lignes
2026-03-31 16:49:13,449 | INFO |   dim_temps   →      3 lignes
2026-03-31 16:49:13,449 | INFO | 
── LOAD ─────────────────────────────────────────
2026-03-31 16:49:13,462 | INFO |   CSV    → fact_election_tour1.csv  (1317 lignes)
2026-03-31 16:49:13,559 | INFO |   DuckDB → fact_election_tour1
2026-03-31 16:49:13,559 | INFO |   CSV    → fact_election_tour2.csv  (1317 lignes)
2026-03-31 16:49:13,657 | INFO |   DuckDB → fact_election_tour2
2026-03-31 16:49:13,657 | INFO |   CSV    → fact_securite.csv  (180 lignes)
2026-03-31 16:49:13,697 | INFO |   DuckDB → fact_securite
2026-03-31 16:49:13,700 | INFO |   CSV    → fact_emploi_pop_active.csv  (275 lignes)
2026-03-31 16:49:13,730 | INFO |   DuckDB → fact_emploi_pop_active
2026-03-31 16:49:13,730 | INFO |   CSV    → fact_revenus.csv  (23 lignes)
2026-03-31 16:49:13,775 | INFO |   DuckDB → fact_revenus
2026-03-31 16:49:13,781 | INFO |   CSV    → fact_diplomes.csv  (752 lignes)
2026-03-31 16:49:13,825 | INFO |   DuckDB → fact_diplomes
2026-03-31 16:49:13,845 | INFO |   CSV    → fact_logement.csv  (752 lignes)
2026-03-31 16:49:13,895 | INFO |   DuckDB → fact_logement
2026-03-31 16:49:13,897 | INFO |   CSV    → dim_iris_lyon.csv  (512 lignes)
2026-03-31 16:49:13,941 | INFO |   DuckDB → dim_iris_lyon
2026-03-31 16:49:13,942 | INFO |   CSV    → dim_commune.csv  (280 lignes)
2026-03-31 16:49:13,976 | INFO |   DuckDB → dim_commune
2026-03-31 16:49:13,978 | INFO |   CSV    → dim_departement.csv  (1 lignes)
2026-03-31 16:49:14,015 | INFO |   DuckDB → dim_departement
2026-03-31 16:49:14,016 | INFO |   CSV    → dim_temps.csv  (3 lignes)
2026-03-31 16:49:14,042 | INFO |   DuckDB → dim_temps
2026-03-31 16:49:14,055 | INFO | 
  Rapport qualité → quality_report.csv
2026-03-31 16:49:14,055 | INFO | 
── VUES ANALYTIQUES ─────────────────────────────
2026-03-31 16:49:14,098 | INFO |   Vues créées : vw_elections_communes, vw_indicateurs_territoires
2026-03-31 16:49:14,098 | INFO | 
✔ ETL terminé avec succès !
2026-03-31 16:49:14,098 | INFO |    CSV     → D:\MSPR_CODE\MSPR_BLOC3_MASTER1\data_clean\
2026-03-31 16:49:14,099 | INFO |    DuckDB  → D:\MSPR_CODE\MSPR_BLOC3_MASTER1\warehouse.duckdb
2026-03-31 16:49:14,099 | INFO |    Log     → etl.log
2026-04-04 19:39:24,597 | INFO | === Démarrage ETL ===
2026-04-04 19:39:24,597 | INFO | 
── EXTRACT ──────────────────────────────────────
2026-04-04 19:39:24,597 | ERROR | Erreur pendant l'exécution ETL
Traceback (most recent call last):
  File "D:\code mspr\MSPR_BLOC3_MASTER1\etl\etl_pipeline.py", line 775, in run
    raw = self.extract()
  File "D:\code mspr\MSPR_BLOC3_MASTER1\etl\etl_pipeline.py", line 216, in extract
    "t1": self._read(self.files["t1"], encoding="utf-8"),
          ~~~~~~~~~~^^^^^^^^^^^^^^^^^^^^^^^^^^^^^^^^^^^^
  File "D:\code mspr\MSPR_BLOC3_MASTER1\etl\etl_pipeline.py", line 90, in _read
    raise FileNotFoundError(f"Fichier introuvable : {path}")
FileNotFoundError: Fichier introuvable : D:\MSPR_CODE\MSPR_BLOC3_MASTER1\DATA\Premier_tour_rhone_sep.csv
2026-04-04 19:40:58,046 | INFO | === Démarrage ETL ===
2026-04-04 19:40:58,047 | INFO | 
── EXTRACT ──────────────────────────────────────
2026-04-04 19:40:58,047 | ERROR | Erreur pendant l'exécution ETL
Traceback (most recent call last):
  File "D:\code mspr\MSPR_BLOC3_MASTER1\etl\etl_pipeline.py", line 775, in run
    raw = self.extract()
  File "D:\code mspr\MSPR_BLOC3_MASTER1\etl\etl_pipeline.py", line 216, in extract
    "t1": self._read(self.files["t1"], encoding="utf-8"),
          ~~~~~~~~~~^^^^^^^^^^^^^^^^^^^^^^^^^^^^^^^^^^^^
  File "D:\code mspr\MSPR_BLOC3_MASTER1\etl\etl_pipeline.py", line 90, in _read
    raise FileNotFoundError(f"Fichier introuvable : {path}")
FileNotFoundError: Fichier introuvable : D:\MSPR_CODE\MSPR_BLOC3_MASTER1\DATA\Premier_tour_rhone_sep.csv
2026-04-04 19:41:59,707 | INFO | === Démarrage ETL ===
2026-04-04 19:41:59,707 | INFO | 
── EXTRACT ──────────────────────────────────────
2026-04-04 19:42:00,258 | INFO |   t1           →   1317 lignes brutes
2026-04-04 19:42:00,258 | INFO |   t2           →   1317 lignes brutes
2026-04-04 19:42:00,258 | INFO |   securite     →  18180 lignes brutes
2026-04-04 19:42:00,258 | INFO |   emploi       →  34903 lignes brutes
2026-04-04 19:42:00,259 | INFO |   revenus      →    777 lignes brutes
2026-04-04 19:42:00,259 | INFO |   diplomes     →  49276 lignes brutes
2026-04-04 19:42:00,259 | INFO |   logement     →  49276 lignes brutes
2026-04-04 19:42:00,259 | INFO |   iris         →    512 lignes brutes
2026-04-04 19:42:00,259 | INFO | 
── TRANSFORM ────────────────────────────────────
2026-04-04 19:42:00,314 | INFO |   tour1        →   1317 lignes propres
2026-04-04 19:42:00,363 | INFO |   tour2        →   1317 lignes propres
2026-04-04 19:42:00,381 | INFO |   securite    →    180 lignes propres (Rhône)
2026-04-04 19:42:00,395 | INFO |   emploi      →    275 lignes propres (Rhône)
2026-04-04 19:42:00,401 | INFO |   revenus     →     23 lignes propres (Rhône)
2026-04-04 19:42:00,444 | INFO |   diplomes    →    752 lignes propres (Rhône)
2026-04-04 19:42:00,498 | INFO |   logement    →    752 lignes propres (Rhône)
2026-04-04 19:42:00,502 | INFO |   iris        →    512 lignes propres (métropole Lyon)
2026-04-04 19:42:00,511 | INFO |   dim_commune →    280 lignes
2026-04-04 19:42:00,517 | INFO |   dim_departement →      1 lignes
2026-04-04 19:42:00,517 | INFO |   dim_temps   →      3 lignes
2026-04-04 19:42:00,518 | INFO | 
── LOAD ─────────────────────────────────────────
2026-04-04 19:42:00,537 | INFO |   CSV    → fact_election_tour1.csv  (1317 lignes)
2026-04-04 19:42:00,634 | INFO |   DuckDB → fact_election_tour1
2026-04-04 19:42:00,645 | INFO |   CSV    → fact_election_tour2.csv  (1317 lignes)
2026-04-04 19:42:00,710 | INFO |   DuckDB → fact_election_tour2
2026-04-04 19:42:00,713 | INFO |   CSV    → fact_securite.csv  (180 lignes)
2026-04-04 19:42:00,742 | INFO |   DuckDB → fact_securite
2026-04-04 19:42:00,745 | INFO |   CSV    → fact_emploi_pop_active.csv  (275 lignes)
2026-04-04 19:42:00,772 | INFO |   DuckDB → fact_emploi_pop_active
2026-04-04 19:42:00,773 | INFO |   CSV    → fact_revenus.csv  (23 lignes)
2026-04-04 19:42:00,800 | INFO |   DuckDB → fact_revenus
2026-04-04 19:42:00,809 | INFO |   CSV    → fact_diplomes.csv  (752 lignes)
2026-04-04 19:42:00,845 | INFO |   DuckDB → fact_diplomes
2026-04-04 19:42:00,857 | INFO |   CSV    → fact_logement.csv  (752 lignes)
2026-04-04 19:42:00,897 | INFO |   DuckDB → fact_logement
2026-04-04 19:42:00,899 | INFO |   CSV    → dim_iris_lyon.csv  (512 lignes)
2026-04-04 19:42:00,938 | INFO |   DuckDB → dim_iris_lyon
2026-04-04 19:42:00,940 | INFO |   CSV    → dim_commune.csv  (280 lignes)
2026-04-04 19:42:00,979 | INFO |   DuckDB → dim_commune
2026-04-04 19:42:00,980 | INFO |   CSV    → dim_departement.csv  (1 lignes)
2026-04-04 19:42:01,011 | INFO |   DuckDB → dim_departement
2026-04-04 19:42:01,013 | INFO |   CSV    → dim_temps.csv  (3 lignes)
2026-04-04 19:42:01,043 | INFO |   DuckDB → dim_temps
2026-04-04 19:42:01,046 | INFO | 
  Rapport qualité → quality_report.csv
2026-04-04 19:42:01,046 | INFO | 
── VUES ANALYTIQUES ─────────────────────────────
2026-04-04 19:42:01,075 | INFO |   Vues créées : vw_elections_communes, vw_indicateurs_territoires
2026-04-04 19:42:01,076 | INFO | 
✔ ETL terminé avec succès !
2026-04-04 19:42:01,076 | INFO |    CSV     → D:\code mspr\MSPR_BLOC3_MASTER1\data_clean\
2026-04-04 19:42:01,076 | INFO |    DuckDB  → D:\code mspr\MSPR_BLOC3_MASTER1\warehouse.duckdb
2026-04-04 19:42:01,076 | INFO |    Log     → etl.log
2026-04-06 01:45:47,261 | INFO | === Démarrage ETL ===
2026-04-06 01:45:47,262 | INFO | 
── EXTRACT ──────────────────────────────────────
2026-04-06 01:45:48,041 | INFO |   candidats    → lecture par chunks (fichier volumineux)...
2026-04-06 01:45:48,041 | ERROR | Erreur pendant l'exécution ETL
Traceback (most recent call last):
  File "D:\code mspr\MSPR_BLOC3_MASTER1\etl\etl_pipeline.py", line 1722, in run
    raw = self.extract()
  File "D:\code mspr\MSPR_BLOC3_MASTER1\etl\etl_pipeline.py", line 1116, in extract
    self.files["candidats"],
    ~~~~~~~~~~^^^^^^^^^^^^^
KeyError: 'candidats'
2026-04-06 01:46:26,700 | INFO | === Démarrage ETL ===
2026-04-06 01:46:26,700 | INFO | 
── EXTRACT ──────────────────────────────────────
2026-04-06 01:46:27,365 | INFO |   candidats    → lecture par chunks (fichier volumineux)...
2026-04-06 01:46:37,224 | INFO |     ... 5,000,000 lignes lues
2026-04-06 01:46:46,886 | INFO |     ... 10,000,000 lignes lues
2026-04-06 01:46:55,400 | INFO |     ... 15,000,000 lignes lues
2026-04-06 01:47:03,186 | INFO |     ... 20,000,000 lignes lues
2026-04-06 01:47:11,424 | INFO |     ... 25,000,000 lignes lues
2026-04-06 01:47:15,719 | INFO |   t1           →   1317 lignes brutes
2026-04-06 01:47:15,720 | INFO |   t2           →   1317 lignes brutes
2026-04-06 01:47:15,720 | INFO |   securite     →  18180 lignes brutes
2026-04-06 01:47:15,720 | INFO |   emploi       →  34903 lignes brutes
2026-04-06 01:47:15,720 | INFO |   revenus      →    777 lignes brutes
2026-04-06 01:47:15,720 | INFO |   diplomes     →  49276 lignes brutes
2026-04-06 01:47:15,721 | INFO |   logement     →  49276 lignes brutes
2026-04-06 01:47:15,721 | INFO |   iris         →    512 lignes brutes
2026-04-06 01:47:15,721 | INFO |   candidats    → 506695 lignes brutes
2026-04-06 01:47:15,721 | INFO | 
── TRANSFORM ────────────────────────────────────
2026-04-06 01:47:15,781 | INFO |   tour1        →   1317 lignes propres
2026-04-06 01:47:15,839 | INFO |   tour2        →   1317 lignes propres
2026-04-06 01:47:15,855 | INFO |   securite    →    180 lignes propres (Rhône)
2026-04-06 01:47:15,870 | INFO |   emploi      →    275 lignes propres (Rhône)
2026-04-06 01:47:15,876 | INFO |   revenus     →     23 lignes propres (Rhône)
2026-04-06 01:47:15,924 | INFO |   diplomes    →    752 lignes propres (Rhône)
2026-04-06 01:47:15,981 | INFO |   logement    →    752 lignes propres (Rhône)
2026-04-06 01:47:15,986 | INFO |   iris        →    512 lignes propres (métropole Lyon)
2026-04-06 01:47:16,119 | INFO |   candidats    →  15804 lignes après filtre 2022_pres_t1
2026-04-06 01:47:16,169 | INFO |   candidats    →    267 communes propres (fact_candidats_blocs)
2026-04-06 01:47:16,169 | INFO |   Distribution bloc_gagnant :
2026-04-06 01:47:16,170 | INFO |     Extreme_Droite       : 138 communes
2026-04-06 01:47:16,170 | INFO |     Centre               : 100 communes
2026-04-06 01:47:16,170 | INFO |     Gauche               : 29 communes
2026-04-06 01:47:16,178 | INFO |   dim_commune →    280 lignes
2026-04-06 01:47:16,184 | INFO |   dim_departement →      1 lignes
2026-04-06 01:47:16,184 | INFO |   dim_temps   →      3 lignes
2026-04-06 01:47:16,185 | INFO | 
── LOAD ─────────────────────────────────────────
2026-04-06 01:47:16,198 | INFO |   CSV    → fact_election_tour1.csv  (1317 lignes)
2026-04-06 01:47:16,317 | INFO |   DuckDB → fact_election_tour1
2026-04-06 01:47:16,329 | INFO |   CSV    → fact_election_tour2.csv  (1317 lignes)
2026-04-06 01:47:16,390 | INFO |   DuckDB → fact_election_tour2
2026-04-06 01:47:16,392 | INFO |   CSV    → fact_securite.csv  (180 lignes)
2026-04-06 01:47:16,431 | INFO |   DuckDB → fact_securite
2026-04-06 01:47:16,434 | INFO |   CSV    → fact_emploi_pop_active.csv  (275 lignes)
2026-04-06 01:47:16,468 | INFO |   DuckDB → fact_emploi_pop_active
2026-04-06 01:47:16,470 | INFO |   CSV    → fact_revenus.csv  (23 lignes)
2026-04-06 01:47:16,503 | INFO |   DuckDB → fact_revenus
2026-04-06 01:47:16,514 | INFO |   CSV    → fact_diplomes.csv  (752 lignes)
2026-04-06 01:47:16,555 | INFO |   DuckDB → fact_diplomes
2026-04-06 01:47:16,567 | INFO |   CSV    → fact_logement.csv  (752 lignes)
2026-04-06 01:47:16,615 | INFO |   DuckDB → fact_logement
2026-04-06 01:47:16,618 | INFO |   CSV    → fact_candidats_blocs.csv  (267 lignes)
2026-04-06 01:47:16,654 | INFO |   DuckDB → fact_candidats_blocs
2026-04-06 01:47:16,657 | INFO |   CSV    → dim_iris_lyon.csv  (512 lignes)
2026-04-06 01:47:16,700 | INFO |   DuckDB → dim_iris_lyon
2026-04-06 01:47:16,702 | INFO |   CSV    → dim_commune.csv  (280 lignes)
2026-04-06 01:47:16,738 | INFO |   DuckDB → dim_commune
2026-04-06 01:47:16,739 | INFO |   CSV    → dim_departement.csv  (1 lignes)
2026-04-06 01:47:16,773 | INFO |   DuckDB → dim_departement
2026-04-06 01:47:16,774 | INFO |   CSV    → dim_temps.csv  (3 lignes)
2026-04-06 01:47:16,809 | INFO |   DuckDB → dim_temps
2026-04-06 01:47:16,811 | INFO | 
  Rapport qualité → quality_report.csv
2026-04-06 01:47:16,811 | INFO | 
── VUES ANALYTIQUES ─────────────────────────────
2026-04-06 01:47:16,845 | INFO |   Vues créées : vw_elections_communes, vw_indicateurs_territoires, vw_elections_blocs
2026-04-06 01:47:16,846 | INFO | 
✔ ETL terminé avec succès !
2026-04-06 01:47:16,846 | INFO |    CSV     → D:\code mspr\MSPR_BLOC3_MASTER1\data_clean\
2026-04-06 01:47:16,846 | INFO |    DuckDB  → D:\code mspr\MSPR_BLOC3_MASTER1\warehouse.duckdb
2026-04-06 01:47:16,846 | INFO |    Log     → etl.log
2026-04-06 02:21:46,488 | INFO | === Démarrage ETL ===
2026-04-06 02:21:46,488 | INFO | 
── EXTRACT ──────────────────────────────────────
2026-04-06 02:21:47,171 | INFO |   candidats    → lecture par chunks (fichier volumineux)...
2026-04-06 02:21:56,892 | INFO |     ... 5,000,000 lignes lues
2026-04-06 02:22:06,638 | INFO |     ... 10,000,000 lignes lues
2026-04-06 02:22:15,116 | INFO |     ... 15,000,000 lignes lues
2026-04-06 02:22:22,849 | INFO |     ... 20,000,000 lignes lues
2026-04-06 02:22:30,957 | INFO |     ... 25,000,000 lignes lues
2026-04-06 02:22:35,197 | INFO |   t1           →   1317 lignes brutes
2026-04-06 02:22:35,197 | INFO |   t2           →   1317 lignes brutes
2026-04-06 02:22:35,197 | INFO |   securite     →  18180 lignes brutes
2026-04-06 02:22:35,197 | INFO |   emploi       →  34903 lignes brutes
2026-04-06 02:22:35,197 | INFO |   revenus      →    777 lignes brutes
2026-04-06 02:22:35,197 | INFO |   diplomes     →  49276 lignes brutes
2026-04-06 02:22:35,197 | INFO |   logement     →  49276 lignes brutes
2026-04-06 02:22:35,198 | INFO |   iris         →    512 lignes brutes
2026-04-06 02:22:35,198 | INFO |   candidats    → 506695 lignes brutes
2026-04-06 02:22:35,198 | INFO | 
── TRANSFORM ────────────────────────────────────
2026-04-06 02:22:35,258 | INFO |   tour1        →   1317 lignes propres
2026-04-06 02:22:35,315 | INFO |   tour2        →   1317 lignes propres
2026-04-06 02:22:35,332 | INFO |   securite    →    180 lignes propres (Rhône)
2026-04-06 02:22:35,348 | INFO |   emploi      →    275 lignes propres (Rhône)
2026-04-06 02:22:35,354 | INFO |   revenus     →     23 lignes propres (Rhône)
2026-04-06 02:22:35,400 | INFO |   diplomes    →    752 lignes propres (Rhône)
2026-04-06 02:22:35,455 | INFO |   logement    →    752 lignes propres (Rhône)
2026-04-06 02:22:35,460 | INFO |   iris        →    512 lignes propres (métropole Lyon)
2026-04-06 02:22:35,590 | INFO |   candidats    →  15804 lignes après filtre 2022_pres_t1
2026-04-06 02:22:35,645 | INFO |   candidats    →    267 communes propres (fact_candidats_blocs)
2026-04-06 02:22:35,645 | INFO |   Distribution bloc_gagnant :
2026-04-06 02:22:35,646 | INFO |     Extreme_Droite       : 138 communes
2026-04-06 02:22:35,646 | INFO |     Centre               : 100 communes
2026-04-06 02:22:35,646 | INFO |     Gauche               : 29 communes
2026-04-06 02:22:35,655 | INFO |   dim_commune →    280 lignes
2026-04-06 02:22:35,660 | INFO |   dim_departement →      1 lignes
2026-04-06 02:22:35,661 | INFO |   dim_temps   →      3 lignes
2026-04-06 02:22:35,661 | INFO | 
── LOAD ─────────────────────────────────────────
2026-04-06 02:22:35,663 | ERROR | Erreur pendant l'exécution ETL
Traceback (most recent call last):
  File "D:\code mspr\MSPR_BLOC3_MASTER1\etl\etl_pipeline.py", line 1771, in run
    self.load(warehouse_tables)
    ~~~~~~~~~^^^^^^^^^^^^^^^^^^
  File "D:\code mspr\MSPR_BLOC3_MASTER1\etl\etl_pipeline.py", line 1624, in load
    self._save_csv(df, csv_name)
    ~~~~~~~~~~~~~~^^^^^^^^^^^^^^
  File "D:\code mspr\MSPR_BLOC3_MASTER1\etl\etl_pipeline.py", line 1611, in _save_csv
    df.to_csv(path, sep=";", index=False, encoding="utf-8-sig")
    ~~~~~~~~~^^^^^^^^^^^^^^^^^^^^^^^^^^^^^^^^^^^^^^^^^^^^^^^^^^
  File "D:\code mspr\MSPR_BLOC3_MASTER1\venv\Lib\site-packages\pandas\util\_decorators.py", line 333, in wrapper
    return func(*args, **kwargs)
  File "D:\code mspr\MSPR_BLOC3_MASTER1\venv\Lib\site-packages\pandas\core\generic.py", line 3967, in to_csv
    return DataFrameRenderer(formatter).to_csv(
           ~~~~~~~~~~~~~~~~~~~~~~~~~~~~~~~~~~~^
        path_or_buf,
        ^^^^^^^^^^^^
    ...<14 lines>...
        storage_options=storage_options,
        ^^^^^^^^^^^^^^^^^^^^^^^^^^^^^^^^
    )
    ^
  File "D:\code mspr\MSPR_BLOC3_MASTER1\venv\Lib\site-packages\pandas\io\formats\format.py", line 1014, in to_csv
    csv_formatter.save()
    ~~~~~~~~~~~~~~~~~~^^
  File "D:\code mspr\MSPR_BLOC3_MASTER1\venv\Lib\site-packages\pandas\io\formats\csvs.py", line 251, in save
    with get_handle(
         ~~~~~~~~~~^
        self.filepath_or_buffer,
        ^^^^^^^^^^^^^^^^^^^^^^^^
    ...<4 lines>...
        storage_options=self.storage_options,
        ^^^^^^^^^^^^^^^^^^^^^^^^^^^^^^^^^^^^^
    ) as handles:
    ^
  File "D:\code mspr\MSPR_BLOC3_MASTER1\venv\Lib\site-packages\pandas\io\common.py", line 873, in get_handle
    handle = open(
        handle,
    ...<3 lines>...
        newline="",
    )
PermissionError: [Errno 13] Permission denied: 'D:\\code mspr\\MSPR_BLOC3_MASTER1\\data_clean\\fact_election_tour1.csv'
2026-04-06 02:23:00,933 | INFO | === Démarrage ETL ===
2026-04-06 02:23:00,933 | INFO | 
── EXTRACT ──────────────────────────────────────
2026-04-06 02:23:01,467 | INFO |   candidats    → lecture par chunks (fichier volumineux)...
2026-04-06 02:23:11,184 | INFO |     ... 5,000,000 lignes lues
2026-04-06 02:23:20,922 | INFO |     ... 10,000,000 lignes lues
2026-04-06 02:23:29,367 | INFO |     ... 15,000,000 lignes lues
2026-04-06 02:23:37,150 | INFO |     ... 20,000,000 lignes lues
2026-04-06 02:23:45,232 | INFO |     ... 25,000,000 lignes lues
2026-04-06 02:23:49,605 | INFO |   t1           →   1317 lignes brutes
2026-04-06 02:23:49,606 | INFO |   t2           →   1317 lignes brutes
2026-04-06 02:23:49,606 | INFO |   securite     →  18180 lignes brutes
2026-04-06 02:23:49,606 | INFO |   emploi       →  34903 lignes brutes
2026-04-06 02:23:49,606 | INFO |   revenus      →    777 lignes brutes
2026-04-06 02:23:49,606 | INFO |   diplomes     →  49276 lignes brutes
2026-04-06 02:23:49,607 | INFO |   logement     →  49276 lignes brutes
2026-04-06 02:23:49,607 | INFO |   iris         →    512 lignes brutes
2026-04-06 02:23:49,607 | INFO |   candidats    → 506695 lignes brutes
2026-04-06 02:23:49,607 | INFO | 
── TRANSFORM ────────────────────────────────────
2026-04-06 02:23:49,667 | INFO |   tour1        →   1317 lignes propres
2026-04-06 02:23:49,724 | INFO |   tour2        →   1317 lignes propres
2026-04-06 02:23:49,741 | INFO |   securite    →    180 lignes propres (Rhône)
2026-04-06 02:23:49,756 | INFO |   emploi      →    275 lignes propres (Rhône)
2026-04-06 02:23:49,762 | INFO |   revenus     →     23 lignes propres (Rhône)
2026-04-06 02:23:49,807 | INFO |   diplomes    →    752 lignes propres (Rhône)
2026-04-06 02:23:49,862 | INFO |   logement    →    752 lignes propres (Rhône)
2026-04-06 02:23:49,866 | INFO |   iris        →    512 lignes propres (métropole Lyon)
2026-04-06 02:23:49,996 | INFO |   candidats    →  15804 lignes après filtre 2022_pres_t1
2026-04-06 02:23:50,050 | INFO |   candidats    →    267 communes propres (fact_candidats_blocs)
2026-04-06 02:23:50,050 | INFO |   Distribution bloc_gagnant :
2026-04-06 02:23:50,051 | INFO |     Extreme_Droite       : 138 communes
2026-04-06 02:23:50,051 | INFO |     Centre               : 100 communes
2026-04-06 02:23:50,051 | INFO |     Gauche               : 29 communes
2026-04-06 02:23:50,059 | INFO |   dim_commune →    280 lignes
2026-04-06 02:23:50,064 | INFO |   dim_departement →      1 lignes
2026-04-06 02:23:50,065 | INFO |   dim_temps   →      3 lignes
2026-04-06 02:23:50,065 | INFO | 
── LOAD ─────────────────────────────────────────
2026-04-06 02:23:50,079 | INFO |   CSV    → fact_election_tour1.csv  (1317 lignes)
2026-04-06 02:23:50,143 | INFO |   DuckDB → fact_election_tour1
2026-04-06 02:23:50,154 | INFO |   CSV    → fact_election_tour2.csv  (1317 lignes)
2026-04-06 02:23:50,204 | INFO |   DuckDB → fact_election_tour2
2026-04-06 02:23:50,206 | INFO |   CSV    → fact_securite.csv  (180 lignes)
2026-04-06 02:23:50,234 | INFO |   DuckDB → fact_securite
2026-04-06 02:23:50,237 | INFO |   CSV    → fact_emploi_pop_active.csv  (275 lignes)
2026-04-06 02:23:50,263 | INFO |   DuckDB → fact_emploi_pop_active
2026-04-06 02:23:50,264 | INFO |   CSV    → fact_revenus.csv  (23 lignes)
2026-04-06 02:23:50,292 | INFO |   DuckDB → fact_revenus
2026-04-06 02:23:50,302 | INFO |   CSV    → fact_diplomes.csv  (752 lignes)
2026-04-06 02:23:50,338 | INFO |   DuckDB → fact_diplomes
2026-04-06 02:23:50,351 | INFO |   CSV    → fact_logement.csv  (752 lignes)
2026-04-06 02:23:50,395 | INFO |   DuckDB → fact_logement
2026-04-06 02:23:50,398 | INFO |   CSV    → fact_candidats_blocs.csv  (267 lignes)
2026-04-06 02:23:50,435 | INFO |   DuckDB → fact_candidats_blocs
2026-04-06 02:23:50,438 | INFO |   CSV    → dim_iris_lyon.csv  (512 lignes)
2026-04-06 02:23:50,480 | INFO |   DuckDB → dim_iris_lyon
2026-04-06 02:23:50,481 | INFO |   CSV    → dim_commune.csv  (280 lignes)
2026-04-06 02:23:50,516 | INFO |   DuckDB → dim_commune
2026-04-06 02:23:50,518 | INFO |   CSV    → dim_departement.csv  (1 lignes)
2026-04-06 02:23:50,552 | INFO |   DuckDB → dim_departement
2026-04-06 02:23:50,553 | INFO |   CSV    → dim_temps.csv  (3 lignes)
2026-04-06 02:23:50,587 | INFO |   DuckDB → dim_temps
2026-04-06 02:23:50,589 | INFO | 
  Rapport qualité → quality_report.csv
2026-04-06 02:23:50,590 | INFO | 
── VUES ANALYTIQUES ─────────────────────────────
2026-04-06 02:23:50,626 | INFO |   Vues créées : vw_elections_communes, vw_indicateurs_territoires, vw_elections_blocs
2026-04-06 02:23:50,626 | INFO | 
✔ ETL terminé avec succès !
2026-04-06 02:23:50,626 | INFO |    CSV     → D:\code mspr\MSPR_BLOC3_MASTER1\data_clean\
2026-04-06 02:23:50,626 | INFO |    DuckDB  → D:\code mspr\MSPR_BLOC3_MASTER1\warehouse.duckdb
2026-04-06 02:23:50,626 | INFO |    Log     → etl.log
